[root@localhost ~]# cat zfs2
Script started on Wed 17 Jul 2024 03:19:56 PM UTC
[root@localhost ~]# wget -O archive.tar.gz --no-check-certificate 'https://drive.usercontent.google.com/download?id=1MvrcEp-WgAQe57aDEzxSRalPAwbNN1Bb&export=download'
--2024-07-17 15:20:04--  https://drive.usercontent.google.com/download?id=1MvrcEp-WgAQe57aDEzxSRalPAwbNN1Bb&export=download
Resolving drive.usercontent.google.com (drive.usercontent.google.com)... 74.125.131.132, 2a00:1450:4010:c0e::84
Connecting to drive.usercontent.google.com (drive.usercontent.google.com)|74.125.131.132|:443... connected.
HTTP request sent, awaiting response... 200 OK
Length: 7275140 (6.9M) [application/octet-stream]
Saving to: ‘archive.tar.gz’

100%[==================================================================================>] 7,275,140   8.59MB/s   in 0.8s

2024-07-17 15:20:12 (8.59 MB/s) - ‘archive.tar.gz’ saved [7275140/7275140]

[root@localhost ~]# tar -xzvf archive.tar.gz
zpoolexport/
zpoolexport/filea
zpoolexport/fileb
[root@localhost ~]# zpool import -d zpoolexport/
   pool: otus
     id: 6554193320433390805
  state: ONLINE
 action: The pool can be imported using its name or numeric identifier.
 config:

        otus                         ONLINE
          mirror-0                   ONLINE
            /root/zpoolexport/filea  ONLINE
            /root/zpoolexport/fileb  ONLINE
[root@localhost ~]# zpool import -d zpoolexport/ otus
[root@localhost ~]# zpool status
  pool: otus
 state: ONLINE
  scan: none requested
config:

        NAME                         STATE     READ WRITE CKSUM
        otus                         ONLINE       0     0     0
          mirror-0                   ONLINE       0     0     0
            /root/zpoolexport/filea  ONLINE       0     0     0
            /root/zpoolexport/fileb  ONLINE       0     0     0

errors: No known data errors

  pool: otus1
 state: ONLINE
  scan: none requested
config:

        NAME        STATE     READ WRITE CKSUM
        otus1       ONLINE       0     0     0
          mirror-0  ONLINE       0     0     0
            sdb     ONLINE       0     0     0
            sdc     ONLINE       0     0     0

errors: No known data errors

  pool: otus2
 state: ONLINE
  scan: none requested
config:

        NAME        STATE     READ WRITE CKSUM
        otus2       ONLINE       0     0     0
          mirror-0  ONLINE       0     0     0
            sdd     ONLINE       0     0     0
            sde     ONLINE       0     0     0

errors: No known data errors

  pool: otus3
 state: ONLINE
  scan: none requested
config:

        NAME        STATE     READ WRITE CKSUM
        otus3       ONLINE       0     0     0
          mirror-0  ONLINE       0     0     0
            sdf     ONLINE       0     0     0
            sdg     ONLINE       0     0     0

errors: No known data errors

  pool: otus4
 state: ONLINE
  scan: none requested
config:

        NAME        STATE     READ WRITE CKSUM
        otus4       ONLINE       0     0     0
          mirror-0  ONLINE       0     0     0
            sdh     ONLINE       0     0     0
            sdi     ONLINE       0     0     0

errors: No known data errors
[root@localhost ~]# zfs get all otus
NAME  PROPERTY              VALUE                  SOURCE
otus  type                  filesystem             -
otus  creation              Fri May 15  4:00 2020  -
otus  used                  2.04M                  -
otus  available             350M                   -
otus  referenced            24K                    -
otus  compressratio         1.00x                  -
otus  mounted               yes                    -
otus  quota                 none                   default
otus  reservation           none                   default
otus  recordsize            128K                   local
otus  mountpoint            /otus                  default
otus  sharenfs              off                    default
otus  checksum              sha256                 local
otus  compression           zle                    local
otus  atime                 on                     default
otus  devices               on                     default
otus  exec                  on                     default
otus  setuid                on                     default
otus  readonly              off                    default
otus  zoned                 off                    default
otus  snapdir               hidden                 default
otus  aclinherit            restricted             default
otus  createtxg             1                      -
otus  canmount              on                     default
otus  xattr                 on                     default
otus  copies                1                      default
otus  version               5                      -
otus  utf8only              off                    -
otus  normalization         none                   -
otus  casesensitivity       sensitive              -
otus  vscan                 off                    default
otus  nbmand                off                    default
otus  sharesmb              off                    default
otus  refquota              none                   default
otus  refreservation        none                   default
otus  guid                  14592242904030363272   -
otus  primarycache          all                    default
otus  secondarycache        all                    default
otus  usedbysnapshots       0B                     -
otus  usedbydataset         24K                    -
otus  usedbychildren        2.01M                  -
otus  usedbyrefreservation  0B                     -
otus  logbias               latency                default
otus  objsetid              54                     -
otus  dedup                 off                    default
otus  mlslabel              none                   default
otus  sync                  standard               default
otus  dnodesize             legacy                 default
otus  refcompressratio      1.00x                  -
otus  written               24K                    -
otus  logicalused           1020K                  -
otus  logicalreferenced     12K                    -
otus  volmode               default                default
otus  filesystem_limit      none                   default
otus  snapshot_limit        none                   default
otus  filesystem_count      none                   default
otus  snapshot_count        none                   default
otus  snapdev               hidden                 default
otus  acltype               off                    default
otus  context               none                   default
otus  fscontext             none                   default
otus  defcontext            none                   default
otus  rootcontext           none                   default
otus  relatime              off                    default
otus  redundant_metadata    all                    default
otus  overlay               off                    default
otus  encryption            off                    default
otus  keylocation           none                   default
otus  keyformat             none                   default
otus  pbkdf2iters           0                      default
otus  special_small_blocks  0                      default
[root@localhost ~]# zfs get available otus
NAME  PROPERTY   VALUE  SOURCE
otus  available  350M   -
[root@localhost ~]# zfs get readonly otus
NAME  PROPERTY  VALUE   SOURCE
otus  readonly  off     default
[root@localhost ~]# zfs get recordsize otus
NAME  PROPERTY    VALUE    SOURCE
otus  recordsize  128K     local
[root@localhost ~]# zfs get compression otus
NAME  PROPERTY     VALUE     SOURCE
otus  compression  zle       local
[root@localhost ~]# zfs get checksum otus
NAME  PROPERTY  VALUE      SOURCE
otus  checksum  sha256     local
[root@localhost ~]# exit

Script done on Wed 17 Jul 2024 03:22:13 PM UTC